// Jest Snapshot v1, https://goo.gl/fbAQLP

exports[`transformOptionRule should transform option rule correctly 1`] = `
{
  "createdAt": "2024-01-01T00:00:00.000Z",
  "id": "755cf8ae-950c-4be2-9a20-1fb6576b745e",
  "ifOption": {
    "basePrice": NaN,
    "createdAt": "2024-01-01T00:00:00.000Z",
    "displayName": "Product Size",
    "id": "4636127e-769e-4136-9a6a-8fddb7ca9692",
    "isActive": true,
    "name": "Size",
    "updatedAt": "2024-01-02T00:00:00.000Z",
  },
  "ifOptionId": "4636127e-769e-4136-9a6a-8fddb7ca9692",
  "isActive": true,
  "ruleType": "requires",
  "thenOption": {
    "basePrice": NaN,
    "createdAt": "2024-01-01T00:00:00.000Z",
    "displayName": "Product Color",
    "id": "fb5d0e88-8014-4883-82d5-94d0af8e723f",
    "isActive": true,
    "name": "Color",
    "updatedAt": "2024-01-02T00:00:00.000Z",
  },
  "thenOptionId": "fb5d0e88-8014-4883-82d5-94d0af8e723f",
  "updatedAt": "2024-01-02T00:00:00.000Z",
}
`;
