// Jest Snapshot v1, https://goo.gl/fbAQLP

exports[`transformOptionPriceRule should transform option price rule correctly 1`] = `
{
  "createdAt": "2024-01-01T00:00:00.000Z",
  "dependentOption": {
    "basePrice": 19.99,
    "createdAt": "2024-01-01T00:00:00.000Z",
    "displayName": "Product Color",
    "id": "3df0a970-d440-4361-940c-07a8ef39c333",
    "isActive": true,
    "name": "Color",
    "updatedAt": "2024-01-02T00:00:00.000Z",
  },
  "dependentOptionId": "755cf8ae-950c-4be2-9a20-1fb6576b745e",
  "id": "fb5d0e88-8014-4883-82d5-94d0af8e723f",
  "isActive": true,
  "price": 29.99,
  "targetOption": {
    "basePrice": 19.99,
    "createdAt": "2024-01-01T00:00:00.000Z",
    "displayName": "Product Color",
    "id": "4636127e-769e-4136-9a6a-8fddb7ca9692",
    "isActive": true,
    "name": "Color",
    "updatedAt": "2024-01-02T00:00:00.000Z",
  },
  "targetOptionId": "4636127e-769e-4136-9a6a-8fddb7ca9692",
  "updatedAt": "2024-01-02T00:00:00.000Z",
}
`;
