// Jest Snapshot v1, https://goo.gl/fbAQLP

exports[`transformProductOption should transform product option correctly 1`] = `
{
  "basePrice": 10.99,
  "createdAt": "2024-01-01T00:00:00.000Z",
  "displayName": "Product Size",
  "id": "fb5d0e88-8014-4883-82d5-94d0af8e723f",
  "isActive": true,
  "name": "Size",
  "updatedAt": "2024-01-02T00:00:00.000Z",
}
`;
